should match snapshot:
  1: |
    apiVersion: apps/v1
    kind: Deployment
    metadata:
      labels:
        app.kubernetes.io/instance: RELEASE-NAME
        app.kubernetes.io/managed-by: Helm
        app.kubernetes.io/name: my-app
        app.kubernetes.io/version: 1.0.0
      name: RELEASE-NAME
    spec:
      replicas: 1
      revisionHistoryLimit: 1
      selector:
        matchLabels:
          app.kubernetes.io/instance: RELEASE-NAME
          app.kubernetes.io/name: my-app
      template:
        metadata:
          labels:
            app.kubernetes.io/instance: RELEASE-NAME
            app.kubernetes.io/name: my-app
        spec:
          containers:
            - image: public.ecr.aws/123456/my-app:1.0.0
              imagePullPolicy: IfNotPresent
              name: app
              ports:
                - containerPort: 8080
                  name: app
                  protocol: TCP
              resources:
                requests:
                  cpu: 100m
                  memory: 128Mi
          enableServiceLinks: false
          nodeSelector: null
          securityContext:
            fsGroup: 1000
            runAsNonRoot: true
            runAsUser: 2000
          serviceAccountName: RELEASE-NAME
          tolerations: null
          topologySpreadConstraints:
            - labelSelector:
                matchLabels:
                  app.kubernetes.io/instance: RELEASE-NAME
                  app.kubernetes.io/name: my-app
              maxSkew: 1
              topologyKey: topology.kubernetes.io/zone
              whenUnsatisfiable: ScheduleAnyway
            - labelSelector:
                matchLabels:
                  app.kubernetes.io/instance: RELEASE-NAME
                  app.kubernetes.io/name: my-app
              maxSkew: 1
              topologyKey: kubernetes.io/hostname
              whenUnsatisfiable: ScheduleAnyway
          volumes: null
  2: |
    apiVersion: networking.k8s.io/v1
    kind: Ingress
    metadata:
      annotations:
        cert-manager.io/cluster-issuer: letsencrypt-prod
        nginx.ingress.kubernetes.io/enable-access-log: "true"
      labels:
        app.kubernetes.io/instance: RELEASE-NAME
        app.kubernetes.io/managed-by: Helm
        app.kubernetes.io/name: my-app
        app.kubernetes.io/version: 1.0.0
      name: RELEASE-NAME
    spec:
      ingressClassName: nginx-external
      rules:
        - host: my-app.example.com
          http:
            paths:
              - backend:
                  service:
                    name: RELEASE-NAME
                    port:
                      number: 80
                path: /
                pathType: ImplementationSpecific
      tls:
        - hosts:
            - my-app.example.com
          secretName: RELEASE-NAME-ingress-tls
  3: |
    apiVersion: policy/v1
    kind: PodDisruptionBudget
    metadata:
      labels:
        app.kubernetes.io/instance: RELEASE-NAME
        app.kubernetes.io/managed-by: Helm
        app.kubernetes.io/name: my-app
        app.kubernetes.io/version: 1.0.0
      name: RELEASE-NAME
    spec:
      minAvailable: 50%
      selector:
        matchLabels:
          app.kubernetes.io/instance: RELEASE-NAME
          app.kubernetes.io/name: my-app
  4: |
    apiVersion: v1
    kind: Service
    metadata:
      labels:
        app.kubernetes.io/instance: RELEASE-NAME
        app.kubernetes.io/managed-by: Helm
        app.kubernetes.io/name: my-app
        app.kubernetes.io/version: 1.0.0
      name: RELEASE-NAME
    spec:
      ports:
        - name: app
          port: 80
          protocol: TCP
          targetPort: app
      selector:
        app.kubernetes.io/instance: RELEASE-NAME
        app.kubernetes.io/name: my-app
      type: ClusterIP
