snapshot:
  1: |
    apiVersion: monitoring.coreos.com/v1
    kind: ServiceMonitor
    metadata:
      labels:
        app.kubernetes.io/instance: RELEASE-NAME
        app.kubernetes.io/managed-by: Helm
        app.kubernetes.io/name: app-name
        app.kubernetes.io/version: 0.1.0
      name: RELEASE-NAME
    spec:
      endpoints:
        - path: /metrics
          targetPort: prometheus-exporter
      namespaceSelector:
        matchNames:
          - NAMESPACE
      selector:
        matchLabels:
          app.kubernetes.io/instance: RELEASE-NAME
          app.kubernetes.io/name: app-name
when multi deployment:
  1: |
    apiVersion: monitoring.coreos.com/v1
    kind: ServiceMonitor
    metadata:
      labels:
        app.kubernetes.io/instance: RELEASE-NAME
        app.kubernetes.io/managed-by: Helm
        app.kubernetes.io/name: app-name
        app.kubernetes.io/version: 0.1.0
      name: RELEASE-NAME-one
    spec:
      endpoints:
        - path: /metrics
          targetPort: prometheus-exporter
      namespaceSelector:
        matchNames:
          - NAMESPACE
      selector:
        matchLabels:
          app.kubernetes.io/instance: RELEASE-NAME-one
          app.kubernetes.io/name: app-name
  2: |
    apiVersion: monitoring.coreos.com/v1
    kind: ServiceMonitor
    metadata:
      labels:
        app.kubernetes.io/instance: RELEASE-NAME
        app.kubernetes.io/managed-by: Helm
        app.kubernetes.io/name: app-name
        app.kubernetes.io/version: 0.1.0
      name: RELEASE-NAME-two
    spec:
      endpoints:
        - path: /metrics
          targetPort: prometheus-exporter
      namespaceSelector:
        matchNames:
          - NAMESPACE
      selector:
        matchLabels:
          app.kubernetes.io/instance: RELEASE-NAME-two
          app.kubernetes.io/name: app-name
