rbac should match snapshot with full rbac values:
  1: |
    apiVersion: rbac.authorization.k8s.io/v1
    kind: Role
    metadata:
      labels:
        app.kubernetes.io/instance: RELEASE-NAME
        app.kubernetes.io/managed-by: Helm
        app.kubernetes.io/name: app-name
        app.kubernetes.io/version: 0.1.0
      name: RELEASE-NAME-configmap-reader
    rules:
      - apiGroups:
          - ""
        resources:
          - configmaps
        verbs:
          - get
          - list
          - watch
  2: |
    apiVersion: rbac.authorization.k8s.io/v1
    kind: ClusterRole
    metadata:
      labels:
        app.kubernetes.io/instance: RELEASE-NAME
        app.kubernetes.io/managed-by: Helm
        app.kubernetes.io/name: app-name
        app.kubernetes.io/version: 0.1.0
      name: RELEASE-NAME-node-reader
    rules:
      - apiGroups:
          - ""
        resources:
          - nodes
        verbs:
          - get
          - list
  3: |
    apiVersion: rbac.authorization.k8s.io/v1
    kind: RoleBinding
    metadata:
      labels:
        app.kubernetes.io/instance: RELEASE-NAME
        app.kubernetes.io/managed-by: Helm
        app.kubernetes.io/name: app-name
        app.kubernetes.io/version: 0.1.0
      name: RELEASE-NAME-configmap-reader
    roleRef:
      apiGroup: rbac.authorization.k8s.io
      kind: Role
      name: RELEASE-NAME-configmap-reader
    subjects:
      - kind: ServiceAccount
        name: RELEASE-NAME
        namespace: NAMESPACE
  4: |
    apiVersion: rbac.authorization.k8s.io/v1
    kind: RoleBinding
    metadata:
      labels:
        app.kubernetes.io/instance: RELEASE-NAME
        app.kubernetes.io/managed-by: Helm
        app.kubernetes.io/name: app-name
        app.kubernetes.io/version: 0.1.0
      name: RELEASE-NAME-existing-clusterrole-ns
    roleRef:
      apiGroup: rbac.authorization.k8s.io
      kind: ClusterRole
      name: edit
    subjects:
      - kind: ServiceAccount
        name: RELEASE-NAME
        namespace: NAMESPACE
  5: |
    apiVersion: rbac.authorization.k8s.io/v1
    kind: RoleBinding
    metadata:
      labels:
        app.kubernetes.io/instance: RELEASE-NAME
        app.kubernetes.io/managed-by: Helm
        app.kubernetes.io/name: app-name
        app.kubernetes.io/version: 0.1.0
      name: RELEASE-NAME-existing-role
    roleRef:
      apiGroup: rbac.authorization.k8s.io
      kind: Role
      name: some-existing-role
    subjects:
      - kind: ServiceAccount
        name: RELEASE-NAME
        namespace: NAMESPACE
  6: |
    apiVersion: rbac.authorization.k8s.io/v1
    kind: ClusterRoleBinding
    metadata:
      labels:
        app.kubernetes.io/instance: RELEASE-NAME
        app.kubernetes.io/managed-by: Helm
        app.kubernetes.io/name: app-name
        app.kubernetes.io/version: 0.1.0
      name: RELEASE-NAME-node-reader
    roleRef:
      apiGroup: rbac.authorization.k8s.io
      kind: ClusterRole
      name: RELEASE-NAME-node-reader
    subjects:
      - kind: ServiceAccount
        name: RELEASE-NAME
        namespace: NAMESPACE
  7: |
    apiVersion: rbac.authorization.k8s.io/v1
    kind: ClusterRoleBinding
    metadata:
      labels:
        app.kubernetes.io/instance: RELEASE-NAME
        app.kubernetes.io/managed-by: Helm
        app.kubernetes.io/name: app-name
        app.kubernetes.io/version: 0.1.0
      name: RELEASE-NAME-view-binding
    roleRef:
      apiGroup: rbac.authorization.k8s.io
      kind: ClusterRole
      name: view
    subjects:
      - kind: ServiceAccount
        name: RELEASE-NAME
        namespace: NAMESPACE
should match snapshot with values-ci.yaml:
  1: |
    apiVersion: v1
    kind: ServiceAccount
    metadata:
      annotations:
        eks.amazonaws.com/role-arn: arn:aws:iam::123456789012:role/test-role
      labels:
        app.kubernetes.io/instance: RELEASE-NAME-resource-suffix
        app.kubernetes.io/managed-by: Helm
        app.kubernetes.io/name: app-name
        app.kubernetes.io/version: 0.1.0
      name: RELEASE-NAME-resource-suffix
