multi support:
  1: |
    apiVersion: traefik.io/v1alpha1
    kind: IngressRoute
    metadata:
      annotations:
        traefik.io/controller: traefik-private
      labels:
        app.kubernetes.io/instance: RELEASE-NAME-one
        app.kubernetes.io/managed-by: Helm
        app.kubernetes.io/name: app-name
        app.kubernetes.io/version: 0.1.0
        traefik.io/controller: traefik-private
      name: RELEASE-NAME-one-public
    spec:
      entryPoints:
        - websecure
      routes:
        - kind: Rule
          match: Host(`one.example.com`) && PathPrefix(`/`)
          services:
            - name: RELEASE-NAME-one
              port: 80
      tls:
        secretName: wildcard-example-com-tls
  2: |
    apiVersion: traefik.io/v1alpha1
    kind: IngressRoute
    metadata:
      annotations:
        traefik.io/controller: traefik-private
      labels:
        app.kubernetes.io/instance: RELEASE-NAME-two
        app.kubernetes.io/managed-by: Helm
        app.kubernetes.io/name: app-name
        app.kubernetes.io/version: 0.1.0
        traefik.io/controller: traefik-private
      name: RELEASE-NAME-two-public
    spec:
      entryPoints:
        - websecure
      routes:
        - kind: Rule
          match: Host(`two.example.com`) && PathPrefix(`/`)
          services:
            - name: RELEASE-NAME-two
              port: 80
      tls:
        secretName: wildcard-example-com-tls
should create IngressRoute:
  1: |
    apiVersion: traefik.io/v1alpha1
    kind: IngressRoute
    metadata:
      annotations:
        traefik.io/controller: traefik-private
      labels:
        app.kubernetes.io/instance: RELEASE-NAME
        app.kubernetes.io/managed-by: Helm
        app.kubernetes.io/name: app-name
        app.kubernetes.io/version: 0.1.0
        traefik.io/controller: traefik-private
      name: RELEASE-NAME-public
    spec:
      entryPoints:
        - websecure
      routes:
        - kind: Rule
          match: Host(`test.example.com`) && PathPrefix(`/`)
          services:
            - name: RELEASE-NAME
              port: 80
      tls:
        secretName: wildcard-example-com-tls
should create IngressRoute with Exact pathType:
  1: |
    apiVersion: traefik.io/v1alpha1
    kind: IngressRoute
    metadata:
      annotations:
        traefik.io/controller: traefik-private
      labels:
        app.kubernetes.io/instance: RELEASE-NAME
        app.kubernetes.io/managed-by: Helm
        app.kubernetes.io/name: app-name
        app.kubernetes.io/version: 0.1.0
        traefik.io/controller: traefik-private
      name: RELEASE-NAME-public
    spec:
      entryPoints:
        - websecure
      routes:
        - kind: Rule
          match: Host(`test.example.com`) && Path(`/exact`)
          services:
            - name: RELEASE-NAME
              port: 80
      tls:
        secretName: wildcard-example-com-tls
should create IngressRoute with RegularExpression pathType:
  1: |
    apiVersion: traefik.io/v1alpha1
    kind: IngressRoute
    metadata:
      annotations:
        traefik.io/controller: traefik-private
      labels:
        app.kubernetes.io/instance: RELEASE-NAME
        app.kubernetes.io/managed-by: Helm
        app.kubernetes.io/name: app-name
        app.kubernetes.io/version: 0.1.0
        traefik.io/controller: traefik-private
      name: RELEASE-NAME-public
    spec:
      entryPoints:
        - websecure
      routes:
        - kind: Rule
          match: Host(`test.example.com`) && PathRegexp(`/api/v[0-9]+`)
          services:
            - name: RELEASE-NAME
              port: 80
      tls:
        secretName: wildcard-example-com-tls
should support external service backend:
  1: |
    apiVersion: traefik.io/v1alpha1
    kind: IngressRoute
    metadata:
      annotations:
        traefik.io/controller: traefik-private
      labels:
        app.kubernetes.io/instance: RELEASE-NAME
        app.kubernetes.io/managed-by: Helm
        app.kubernetes.io/name: app-name
        app.kubernetes.io/version: 0.1.0
        traefik.io/controller: traefik-private
      name: RELEASE-NAME-public
    spec:
      entryPoints:
        - websecure
      routes:
        - kind: Rule
          match: Host(`test.example.com`) && PathPrefix(`/`)
          services:
            - name: my-external-svc
              port: 8080
      tls:
        secretName: wildcard-example-com-tls
when forwardAuth enabled, should add middleware and generate Middleware resource:
  1: |
    apiVersion: traefik.io/v1alpha1
    kind: IngressRoute
    metadata:
      annotations:
        traefik.io/controller: traefik-private
      labels:
        app.kubernetes.io/instance: RELEASE-NAME
        app.kubernetes.io/managed-by: Helm
        app.kubernetes.io/name: app-name
        app.kubernetes.io/version: 0.1.0
        traefik.io/controller: traefik-private
      name: RELEASE-NAME-public
    spec:
      entryPoints:
        - websecure
      routes:
        - kind: Rule
          match: Host(`test.example.com`) && PathPrefix(`/`)
          middlewares:
            - name: RELEASE-NAME-public-forwardauth
          services:
            - name: RELEASE-NAME
              port: 80
      tls:
        secretName: wildcard-example-com-tls
  2: |
    apiVersion: traefik.io/v1alpha1
    kind: Middleware
    metadata:
      annotations:
        traefik.io/controller: traefik-private
      labels:
        app.kubernetes.io/instance: RELEASE-NAME
        app.kubernetes.io/managed-by: Helm
        app.kubernetes.io/name: app-name
        app.kubernetes.io/version: 0.1.0
        traefik.io/controller: traefik-private
      name: RELEASE-NAME-public-forwardauth
    spec:
      forwardAuth:
        address: http://authelia.auth.svc.cluster.local/api/authz/forward-auth
        authResponseHeaders:
          - Remote-User
          - Remote-Groups
          - Remote-Email
          - Remote-Name
        trustForwardHeader: true
when host is FQDN (no domain), should use host directly:
  1: |
    apiVersion: traefik.io/v1alpha1
    kind: IngressRoute
    metadata:
      annotations:
        traefik.io/controller: traefik-private
      labels:
        app.kubernetes.io/instance: RELEASE-NAME
        app.kubernetes.io/managed-by: Helm
        app.kubernetes.io/name: app-name
        app.kubernetes.io/version: 0.1.0
        traefik.io/controller: traefik-private
      name: RELEASE-NAME-public
    spec:
      entryPoints:
        - websecure
      routes:
        - kind: Rule
          match: Host(`myapp.example.com`) && PathPrefix(`/`)
          services:
            - name: RELEASE-NAME
              port: 80
      tls:
        secretName: wildcard-example-com-tls
when tlsOption clientAuth uses only secretNames, should reference existing secrets:
  1: |
    apiVersion: traefik.io/v1alpha1
    kind: IngressRoute
    metadata:
      annotations:
        traefik.io/controller: traefik-private
      labels:
        app.kubernetes.io/instance: RELEASE-NAME
        app.kubernetes.io/managed-by: Helm
        app.kubernetes.io/name: app-name
        app.kubernetes.io/version: 0.1.0
        traefik.io/controller: traefik-private
      name: RELEASE-NAME-public
    spec:
      entryPoints:
        - websecure
      routes:
        - kind: Rule
          match: Host(`test.example.com`) && PathPrefix(`/`)
          services:
            - name: RELEASE-NAME
              port: 80
      tls:
        options:
          name: RELEASE-NAME-public
        secretName: wildcard-example-com-tls
  2: |
    apiVersion: traefik.io/v1alpha1
    kind: TLSOption
    metadata:
      annotations:
        traefik.io/controller: traefik-private
      labels:
        app.kubernetes.io/instance: RELEASE-NAME
        app.kubernetes.io/managed-by: Helm
        app.kubernetes.io/name: app-name
        app.kubernetes.io/version: 0.1.0
        traefik.io/controller: traefik-private
      name: RELEASE-NAME-public
    spec:
      clientAuth:
        clientAuthType: VerifyClientCertIfGiven
        secretNames:
          - existing-ca-secret
          - another-ca-secret
      minVersion: VersionTLS12
when tlsOption is set, should generate TLSOption and reference it in IngressRoute:
  1: |
    apiVersion: traefik.io/v1alpha1
    kind: IngressRoute
    metadata:
      annotations:
        traefik.io/controller: traefik-private
      labels:
        app.kubernetes.io/instance: RELEASE-NAME
        app.kubernetes.io/managed-by: Helm
        app.kubernetes.io/name: app-name
        app.kubernetes.io/version: 0.1.0
        traefik.io/controller: traefik-private
      name: RELEASE-NAME-public
    spec:
      entryPoints:
        - websecure
      routes:
        - kind: Rule
          match: Host(`test.example.com`) && PathPrefix(`/`)
          services:
            - name: RELEASE-NAME
              port: 80
      tls:
        options:
          name: RELEASE-NAME-public
        secretName: wildcard-example-com-tls
  2: |
    apiVersion: traefik.io/v1alpha1
    kind: TLSOption
    metadata:
      annotations:
        traefik.io/controller: traefik-private
      labels:
        app.kubernetes.io/instance: RELEASE-NAME
        app.kubernetes.io/managed-by: Helm
        app.kubernetes.io/name: app-name
        app.kubernetes.io/version: 0.1.0
        traefik.io/controller: traefik-private
      name: RELEASE-NAME-public
    spec:
      cipherSuites:
        - TLS_ECDHE_RSA_WITH_AES_128_GCM_SHA256
      clientAuth:
        clientAuthType: VerifyClientCertIfGiven
        secretNames:
          - RELEASE-NAME-public-mtls-ca1
      maxVersion: VersionTLS13
      minVersion: VersionTLS12
      sniStrict: true
  3: |
    apiVersion: v1
    kind: Secret
    metadata:
      annotations:
        traefik.io/controller: traefik-private
      labels:
        app.kubernetes.io/instance: RELEASE-NAME
        app.kubernetes.io/managed-by: Helm
        app.kubernetes.io/name: app-name
        app.kubernetes.io/version: 0.1.0
        traefik.io/controller: traefik-private
      name: RELEASE-NAME-public-mtls-ca1
    stringData:
      ca.crt: |
        -----BEGIN CERTIFICATE-----
        MIIBkTCB+wIJAL2BqG0EXAMPLE
        -----END CERTIFICATE-----
    type: Opaque
